// Jest Snapshot v1, https://goo.gl/fbAQLP

exports[`My Component should render properly 1`] = `
<View>
  <Text
    accessible={true}
    allowFontScaling={true}
    ellipsizeMode="tail"
  >
    Hello World! This is my component :D
  </Text>
</View>
`;
